[2020/11/14 22:43:39.484] - Starting server (version 2.1.2) with initial configuration: {"gasLimit":6721975,"gasPrice":20000000000,"hardfork":"petersburg","hostname":"127.0.0.1","port":7545,"network_id":5777,"default_balance_ether":100,"total_accounts":10,"unlocked_accounts":[],"locked":false,"vmErrorsOnRPCResponse":true,"verbose":true,"db_path":"C:\\Users\\mohin\\AppData\\Roaming\\Ganache\\workspaces\\rough-window\\chaindata","logDirectory":"C:\\Users\\mohin\\OneDrive\\Desktop\\cd"}
[2020/11/14 22:43:40.834] - eth_subscribe
[2020/11/14 22:43:40.835] -    > {
   >   "jsonrpc": "2.0",
   >   "id": 1,
   >   "method": "eth_subscribe",
   >   "params": [
   >     "newHeads"
   >   ]
   > }
[2020/11/14 22:43:40.837] - eth_getLogs
[2020/11/14 22:43:40.837] -    > {
   >   "jsonrpc": "2.0",
   >   "id": 2,
   >   "method": "eth_getLogs",
   >   "params": [
   >     {
   >       "topics": []
   >     }
   >   ]
   > }
[2020/11/14 22:43:40.838] - eth_subscribe
[2020/11/14 22:43:40.839] -    > {
   >   "jsonrpc": "2.0",
   >   "id": 3,
   >   "method": "eth_subscribe",
   >   "params": [
   >     "logs",
   >     {
   >       "topics": []
   >     }
   >   ]
   > }
[2020/11/14 22:43:40.841] -  <   {
 <     "id": 1,
 <     "jsonrpc": "2.0",
 <     "result": "0x1"
 <   }
[2020/11/14 22:43:40.864] -  <   {
 <     "id": 2,
 <     "jsonrpc": "2.0",
 <     "result": [
 <       {
 <         "logIndex": "0x0",
 <         "transactionIndex": "0x0",
 <         "transactionHash": "0x90297487d5705075ec9727925bbd15acf5e5b1cbbdce56f460a4c8cb6d7d504f",
 <         "blockHash": "0xb731ccbd254c0f1a841932df3f5341f2bb160499c3eea7c59493d288ec2f74d3",
 <         "blockNumber": "0xdf",
 <         "address": "0x99468e2625bbe5eb6421d1a9528d88255a0a1880",
 <         "data": "0x000000000000000000000000000000000000000000000000000000000000000300000000000000000000000000000000000000000000000000000000000000600000000000000000000000000000000000000000000000000000000000000000000000000000000000000000000000000000000000000000000000000000005868747470733a2f2f697066732e696f2f697066732f516d5770385155736e44456f545031436551484238414c58516f68665743453477517841774a39614263596271713f66696c656e616d653d696c6c6567616c2e6a70670000000000000000",
 <         "topics": [
 <           "0x05d0fb833127fc08168556d0e7ca9554fc3f6bc843b3b7d2bf1c35aea6bab660"
 <         ],
 <         "type": "mined"
 <       }
 <     ]
 <   }
[2020/11/14 22:43:40.874] -  <   {
 <     "id": 3,
 <     "jsonrpc": "2.0",
 <     "result": "0x2"
 <   }
[2020/11/14 22:43:40.902] - eth_blockNumber
[2020/11/14 22:43:40.902] -    > {
   >   "jsonrpc": "2.0",
   >   "id": 1,
   >   "method": "eth_blockNumber",
   >   "params": [],
   >   "internal": true
   > }
[2020/11/14 22:43:40.903] - eth_accounts
[2020/11/14 22:43:40.903] -    > {
   >   "jsonrpc": "2.0",
   >   "id": 2,
   >   "method": "eth_accounts",
   >   "params": [],
   >   "internal": true
   > }
[2020/11/14 22:43:40.904] - eth_gasPrice
[2020/11/14 22:43:40.904] -    > {
   >   "jsonrpc": "2.0",
   >   "id": 3,
   >   "method": "eth_gasPrice",
   >   "params": [],
   >   "internal": true
   > }
[2020/11/14 22:43:40.905] -  <   {
 <     "id": 1,
 <     "jsonrpc": "2.0",
 <     "result": "0xdf"
 <   }
[2020/11/14 22:43:40.905] - eth_getBlockByNumber
[2020/11/14 22:43:40.906] -    > {
   >   "jsonrpc": "2.0",
   >   "id": 4,
   >   "method": "eth_getBlockByNumber",
   >   "params": [
   >     "latest",
   >     false
   >   ],
   >   "internal": true
   > }
[2020/11/14 22:43:40.906] -  <   {
 <     "id": 2,
 <     "jsonrpc": "2.0",
 <     "result": [
 <       "0xc4e34b87c712d68126ab5c5218ae8dd3a9e5a540",
 <       "0x849275244b6cb04976c8e9eb4d7174d21023fa92",
 <       "0x1d7f415c7d3e65e42f3790fb0ed8dcd5c1e171ac",
 <       "0x24ce69738621e1ab12c1e40fea9c2042f320bba4",
 <       "0xfc24c037264976ab22b901ac12867db837ddc845",
 <       "0x9aec88b0c05fb5147d87ced23f09fd8f23690b21",
 <       "0x1dc7d5e928856d3c1be60530bec3d71a37a2e2ac",
 <       "0x2cf771646ad5593311eb8da41d573e4d6aeea2a2",
 <       "0x66f8a31c6fd399caa6d631124b24f872afeaf389",
 <       "0x9b3c403b3b8dcc4e870f6f743adc121ac9e8f234"
 <     ]
 <   }
[2020/11/14 22:43:40.907] - eth_subscribe
[2020/11/14 22:43:40.907] -    > {
   >   "jsonrpc": "2.0",
   >   "id": 5,
   >   "method": "eth_subscribe",
   >   "params": [
   >     "newHeads"
   >   ],
   >   "internal": true
   > }
[2020/11/14 22:43:40.907] -  <   {
 <     "id": 3,
 <     "jsonrpc": "2.0",
 <     "result": "0x4a817c800"
 <   }
[2020/11/14 22:43:40.921] -  <   {
 <     "id": 4,
 <     "jsonrpc": "2.0",
 <     "result": {
 <       "number": "0xdf",
 <       "hash": "0xb731ccbd254c0f1a841932df3f5341f2bb160499c3eea7c59493d288ec2f74d3",
 <       "parentHash": "0x1a73ba34f491c3eafa446babfb9e9641ede9d7b8e7e9e65e8eafcf61e893f80d",
 <       "mixHash": "0x0000000000000000000000000000000000000000000000000000000000000000",
 <       "nonce": "0x0000000000000000",
 <       "sha3Uncles": "0x1dcc4de8dec75d7aab85b567b6ccd41ad312451b948a7413f0a142fd40d49347",
 <       "logsBloom": "0x00000008000000000000000000000000000000000000000000000000000000000000000000000000000000000000000000000000000000000000000000000000000000000200000000000000000000000000000000000000000000000000000000000000000080000000000000000000000000000000080000000000000000000000000000000000000000004000020000000000000000000000000000000000000000000000000000000000000000000000000000000000000000000000000000000000000000000000000000000000000000000000000000000000000000000000000000000000000000000000000000000000000000000000000000000000",
 <       "transactionsRoot": "0x87b8a434e3013a80eb7c3cb546cebaf7f2798f92ebc2331f9ff0d8f3e9c786a2",
 <       "stateRoot": "0x4517a7a51bba48d5dac84074ad8b098bcf0afc9f330b1ec4251e24d04942c8f3",
 <       "receiptsRoot": "0x663873ea1753071862aae71982c70400ca00d4512a3e50cb713c9fe1eacc243b",
 <       "miner": "0x0000000000000000000000000000000000000000",
 <       "difficulty": "0x0",
 <       "totalDifficulty": "0x0",
 <       "extraData": "0x",
 <       "size": "0x3e8",
 <       "gasLimit": "0x6691b7",
 <       "gasUsed": "0x22e8a",
 <       "timestamp": "0x5fa816a9",
 <       "transactions": [
 <         "0x90297487d5705075ec9727925bbd15acf5e5b1cbbdce56f460a4c8cb6d7d504f"
 <       ],
 <       "uncles": []
 <     }
 <   }
[2020/11/14 22:43:40.924] -  <   {
 <     "id": 5,
 <     "jsonrpc": "2.0",
 <     "result": "0x3"
 <   }
[2020/11/14 22:43:40.925] - eth_accounts
[2020/11/14 22:43:40.926] -    > {
   >   "jsonrpc": "2.0",
   >   "id": 6,
   >   "method": "eth_accounts",
   >   "params": [],
   >   "internal": true
   > }
[2020/11/14 22:43:40.935] -  <   {
 <     "id": 6,
 <     "jsonrpc": "2.0",
 <     "result": [
 <       "0xc4e34b87c712d68126ab5c5218ae8dd3a9e5a540",
 <       "0x849275244b6cb04976c8e9eb4d7174d21023fa92",
 <       "0x1d7f415c7d3e65e42f3790fb0ed8dcd5c1e171ac",
 <       "0x24ce69738621e1ab12c1e40fea9c2042f320bba4",
 <       "0xfc24c037264976ab22b901ac12867db837ddc845",
 <       "0x9aec88b0c05fb5147d87ced23f09fd8f23690b21",
 <       "0x1dc7d5e928856d3c1be60530bec3d71a37a2e2ac",
 <       "0x2cf771646ad5593311eb8da41d573e4d6aeea2a2",
 <       "0x66f8a31c6fd399caa6d631124b24f872afeaf389",
 <       "0x9b3c403b3b8dcc4e870f6f743adc121ac9e8f234"
 <     ]
 <   }
[2020/11/14 22:43:40.958] - eth_getBalance
[2020/11/14 22:43:40.959] -    > {
   >   "jsonrpc": "2.0",
   >   "id": 7,
   >   "method": "eth_getBalance",
   >   "params": [
   >     "0xc4e34b87c712d68126ab5c5218ae8dd3a9e5a540",
   >     "latest"
   >   ],
   >   "internal": true
   > }
[2020/11/14 22:43:40.961] - eth_getTransactionCount
[2020/11/14 22:43:40.961] -    > {
   >   "jsonrpc": "2.0",
   >   "id": 8,
   >   "method": "eth_getTransactionCount",
   >   "params": [
   >     "0xc4e34b87c712d68126ab5c5218ae8dd3a9e5a540",
   >     "latest"
   >   ],
   >   "internal": true
   > }
[2020/11/14 22:43:40.961] - eth_getBalance
[2020/11/14 22:43:40.962] -    > {
   >   "jsonrpc": "2.0",
   >   "id": 9,
   >   "method": "eth_getBalance",
   >   "params": [
   >     "0x849275244b6cb04976c8e9eb4d7174d21023fa92",
   >     "latest"
   >   ],
   >   "internal": true
   > }
[2020/11/14 22:43:40.964] -  <   {
 <     "id": 7,
 <     "jsonrpc": "2.0",
 <     "result": "0x55be8af8cd5018000"
 <   }
[2020/11/14 22:43:40.964] - eth_getTransactionCount
[2020/11/14 22:43:40.965] -    > {
   >   "jsonrpc": "2.0",
   >   "id": 10,
   >   "method": "eth_getTransactionCount",
   >   "params": [
   >     "0x849275244b6cb04976c8e9eb4d7174d21023fa92",
   >     "latest"
   >   ],
   >   "internal": true
   > }
[2020/11/14 22:43:40.969] -  <   {
 <     "id": 8,
 <     "jsonrpc": "2.0",
 <     "result": "0xdf"
 <   }
[2020/11/14 22:43:40.969] - eth_getBalance
[2020/11/14 22:43:40.970] -    > {
   >   "jsonrpc": "2.0",
   >   "id": 11,
   >   "method": "eth_getBalance",
   >   "params": [
   >     "0x1d7f415c7d3e65e42f3790fb0ed8dcd5c1e171ac",
   >     "latest"
   >   ],
   >   "internal": true
   > }
[2020/11/14 22:43:40.971] - eth_getTransactionCount
[2020/11/14 22:43:40.971] -    > {
   >   "jsonrpc": "2.0",
   >   "id": 12,
   >   "method": "eth_getTransactionCount",
   >   "params": [
   >     "0x1d7f415c7d3e65e42f3790fb0ed8dcd5c1e171ac",
   >     "latest"
   >   ],
   >   "internal": true
   > }
[2020/11/14 22:43:40.972] - eth_getBalance
[2020/11/14 22:43:40.972] -    > {
   >   "jsonrpc": "2.0",
   >   "id": 13,
   >   "method": "eth_getBalance",
   >   "params": [
   >     "0x24ce69738621e1ab12c1e40fea9c2042f320bba4",
   >     "latest"
   >   ],
   >   "internal": true
   > }
[2020/11/14 22:43:40.973] -  <   {
 <     "id": 9,
 <     "jsonrpc": "2.0",
 <     "result": "0x56bc75e2d63100000"
 <   }
[2020/11/14 22:43:40.973] - eth_getTransactionCount
[2020/11/14 22:43:40.973] -    > {
   >   "jsonrpc": "2.0",
   >   "id": 14,
   >   "method": "eth_getTransactionCount",
   >   "params": [
   >     "0x24ce69738621e1ab12c1e40fea9c2042f320bba4",
   >     "latest"
   >   ],
   >   "internal": true
   > }
[2020/11/14 22:43:40.975] -  <   {
 <     "id": 10,
 <     "jsonrpc": "2.0",
 <     "result": "0x0"
 <   }
[2020/11/14 22:43:40.978] - eth_getBalance
[2020/11/14 22:43:40.978] -    > {
   >   "jsonrpc": "2.0",
   >   "id": 15,
   >   "method": "eth_getBalance",
   >   "params": [
   >     "0xfc24c037264976ab22b901ac12867db837ddc845",
   >     "latest"
   >   ],
   >   "internal": true
   > }
[2020/11/14 22:43:40.979] - eth_getTransactionCount
[2020/11/14 22:43:40.980] -    > {
   >   "jsonrpc": "2.0",
   >   "id": 16,
   >   "method": "eth_getTransactionCount",
   >   "params": [
   >     "0xfc24c037264976ab22b901ac12867db837ddc845",
   >     "latest"
   >   ],
   >   "internal": true
   > }
[2020/11/14 22:43:40.981] -  <   {
 <     "id": 11,
 <     "jsonrpc": "2.0",
 <     "result": "0x56bc75e2d63100000"
 <   }
[2020/11/14 22:43:40.982] - eth_getBalance
[2020/11/14 22:43:40.982] -    > {
   >   "jsonrpc": "2.0",
   >   "id": 17,
   >   "method": "eth_getBalance",
   >   "params": [
   >     "0x9aec88b0c05fb5147d87ced23f09fd8f23690b21",
   >     "latest"
   >   ],
   >   "internal": true
   > }
[2020/11/14 22:43:40.985] -  <   {
 <     "id": 12,
 <     "jsonrpc": "2.0",
 <     "result": "0x0"
 <   }
[2020/11/14 22:43:40.985] - eth_getTransactionCount
[2020/11/14 22:43:40.986] -    > {
   >   "jsonrpc": "2.0",
   >   "id": 18,
   >   "method": "eth_getTransactionCount",
   >   "params": [
   >     "0x9aec88b0c05fb5147d87ced23f09fd8f23690b21",
   >     "latest"
   >   ],
   >   "internal": true
   > }
[2020/11/14 22:43:40.988] -  <   {
 <     "id": 13,
 <     "jsonrpc": "2.0",
 <     "result": "0x56bc75e2d63100000"
 <   }
[2020/11/14 22:43:40.988] - eth_getBalance
[2020/11/14 22:43:40.989] -    > {
   >   "jsonrpc": "2.0",
   >   "id": 19,
   >   "method": "eth_getBalance",
   >   "params": [
   >     "0x1dc7d5e928856d3c1be60530bec3d71a37a2e2ac",
   >     "latest"
   >   ],
   >   "internal": true
   > }
[2020/11/14 22:43:40.990] -  <   {
 <     "id": 14,
 <     "jsonrpc": "2.0",
 <     "result": "0x0"
 <   }
[2020/11/14 22:43:40.990] - eth_getTransactionCount
[2020/11/14 22:43:40.991] -    > {
   >   "jsonrpc": "2.0",
   >   "id": 20,
   >   "method": "eth_getTransactionCount",
   >   "params": [
   >     "0x1dc7d5e928856d3c1be60530bec3d71a37a2e2ac",
   >     "latest"
   >   ],
   >   "internal": true
   > }
[2020/11/14 22:43:40.992] - eth_getBalance
[2020/11/14 22:43:40.993] -    > {
   >   "jsonrpc": "2.0",
   >   "id": 21,
   >   "method": "eth_getBalance",
   >   "params": [
   >     "0x2cf771646ad5593311eb8da41d573e4d6aeea2a2",
   >     "latest"
   >   ],
   >   "internal": true
   > }
[2020/11/14 22:43:40.993] -  <   {
 <     "id": 15,
 <     "jsonrpc": "2.0",
 <     "result": "0x56bc75e2d63100000"
 <   }
[2020/11/14 22:43:40.997] -  <   {
 <     "id": 16,
 <     "jsonrpc": "2.0",
 <     "result": "0x0"
 <   }
[2020/11/14 22:43:40.998] - eth_getTransactionCount
[2020/11/14 22:43:40.998] -    > {
   >   "jsonrpc": "2.0",
   >   "id": 22,
   >   "method": "eth_getTransactionCount",
   >   "params": [
   >     "0x2cf771646ad5593311eb8da41d573e4d6aeea2a2",
   >     "latest"
   >   ],
   >   "internal": true
   > }
[2020/11/14 22:43:40.998] - eth_getBalance
[2020/11/14 22:43:40.999] -    > {
   >   "jsonrpc": "2.0",
   >   "id": 23,
   >   "method": "eth_getBalance",
   >   "params": [
   >     "0x66f8a31c6fd399caa6d631124b24f872afeaf389",
   >     "latest"
   >   ],
   >   "internal": true
   > }
[2020/11/14 22:43:41.001] - eth_getTransactionCount
[2020/11/14 22:43:41.001] -    > {
   >   "jsonrpc": "2.0",
   >   "id": 24,
   >   "method": "eth_getTransactionCount",
   >   "params": [
   >     "0x66f8a31c6fd399caa6d631124b24f872afeaf389",
   >     "latest"
   >   ],
   >   "internal": true
   > }
[2020/11/14 22:43:41.003] - eth_getBalance
[2020/11/14 22:43:41.003] -    > {
   >   "jsonrpc": "2.0",
   >   "id": 25,
   >   "method": "eth_getBalance",
   >   "params": [
   >     "0x9b3c403b3b8dcc4e870f6f743adc121ac9e8f234",
   >     "latest"
   >   ],
   >   "internal": true
   > }
[2020/11/14 22:43:41.004] -  <   {
 <     "id": 17,
 <     "jsonrpc": "2.0",
 <     "result": "0x56bc75e2d63100000"
 <   }
[2020/11/14 22:43:41.004] - eth_getTransactionCount
[2020/11/14 22:43:41.004] -    > {
   >   "jsonrpc": "2.0",
   >   "id": 26,
   >   "method": "eth_getTransactionCount",
   >   "params": [
   >     "0x9b3c403b3b8dcc4e870f6f743adc121ac9e8f234",
   >     "latest"
   >   ],
   >   "internal": true
   > }
[2020/11/14 22:43:41.016] -  <   {
 <     "id": 18,
 <     "jsonrpc": "2.0",
 <     "result": "0x0"
 <   }
[2020/11/14 22:43:41.032] -  <   {
 <     "id": 19,
 <     "jsonrpc": "2.0",
 <     "result": "0x56bc75e2d63100000"
 <   }
[2020/11/14 22:43:41.049] -  <   {
 <     "id": 20,
 <     "jsonrpc": "2.0",
 <     "result": "0x0"
 <   }
[2020/11/14 22:43:41.063] - eth_getBalance
[2020/11/14 22:43:41.064] -    > {
   >   "jsonrpc": "2.0",
   >   "id": 27,
   >   "method": "eth_getBalance",
   >   "params": [
   >     "0xc4e34b87c712d68126ab5c5218ae8dd3a9e5a540",
   >     "latest"
   >   ],
   >   "internal": true
   > }
[2020/11/14 22:43:41.066] -  <   {
 <     "id": 21,
 <     "jsonrpc": "2.0",
 <     "result": "0x56bc75e2d63100000"
 <   }
[2020/11/14 22:43:41.067] - eth_getTransactionCount
[2020/11/14 22:43:41.067] -    > {
   >   "jsonrpc": "2.0",
   >   "id": 28,
   >   "method": "eth_getTransactionCount",
   >   "params": [
   >     "0xc4e34b87c712d68126ab5c5218ae8dd3a9e5a540",
   >     "latest"
   >   ],
   >   "internal": true
   > }
[2020/11/14 22:43:41.069] -  <   {
 <     "id": 22,
 <     "jsonrpc": "2.0",
 <     "result": "0x0"
 <   }
[2020/11/14 22:43:41.070] - eth_getBalance
[2020/11/14 22:43:41.070] -    > {
   >   "jsonrpc": "2.0",
   >   "id": 29,
   >   "method": "eth_getBalance",
   >   "params": [
   >     "0x849275244b6cb04976c8e9eb4d7174d21023fa92",
   >     "latest"
   >   ],
   >   "internal": true
   > }
[2020/11/14 22:43:41.072] - eth_getTransactionCount
[2020/11/14 22:43:41.072] -    > {
   >   "jsonrpc": "2.0",
   >   "id": 30,
   >   "method": "eth_getTransactionCount",
   >   "params": [
   >     "0x849275244b6cb04976c8e9eb4d7174d21023fa92",
   >     "latest"
   >   ],
   >   "internal": true
   > }
[2020/11/14 22:43:41.074] - eth_getBalance
[2020/11/14 22:43:41.074] -    > {
   >   "jsonrpc": "2.0",
   >   "id": 31,
   >   "method": "eth_getBalance",
   >   "params": [
   >     "0x1d7f415c7d3e65e42f3790fb0ed8dcd5c1e171ac",
   >     "latest"
   >   ],
   >   "internal": true
   > }
[2020/11/14 22:43:41.075] -  <   {
 <     "id": 23,
 <     "jsonrpc": "2.0",
 <     "result": "0x56bc75e2d63100000"
 <   }
[2020/11/14 22:43:41.076] - eth_getTransactionCount
[2020/11/14 22:43:41.077] -    > {
   >   "jsonrpc": "2.0",
   >   "id": 32,
   >   "method": "eth_getTransactionCount",
   >   "params": [
   >     "0x1d7f415c7d3e65e42f3790fb0ed8dcd5c1e171ac",
   >     "latest"
   >   ],
   >   "internal": true
   > }
[2020/11/14 22:43:41.079] -  <   {
 <     "id": 24,
 <     "jsonrpc": "2.0",
 <     "result": "0x0"
 <   }
[2020/11/14 22:43:41.080] - eth_getBalance
[2020/11/14 22:43:41.081] -    > {
   >   "jsonrpc": "2.0",
   >   "id": 33,
   >   "method": "eth_getBalance",
   >   "params": [
   >     "0x24ce69738621e1ab12c1e40fea9c2042f320bba4",
   >     "latest"
   >   ],
   >   "internal": true
   > }
[2020/11/14 22:43:41.083] - eth_getTransactionCount
[2020/11/14 22:43:41.084] -    > {
   >   "jsonrpc": "2.0",
   >   "id": 34,
   >   "method": "eth_getTransactionCount",
   >   "params": [
   >     "0x24ce69738621e1ab12c1e40fea9c2042f320bba4",
   >     "latest"
   >   ],
   >   "internal": true
   > }
[2020/11/14 22:43:41.085] -  <   {
 <     "id": 25,
 <     "jsonrpc": "2.0",
 <     "result": "0x56bc75e2d63100000"
 <   }
[2020/11/14 22:43:41.086] - eth_getBalance
[2020/11/14 22:43:41.086] -    > {
   >   "jsonrpc": "2.0",
   >   "id": 35,
   >   "method": "eth_getBalance",
   >   "params": [
   >     "0xfc24c037264976ab22b901ac12867db837ddc845",
   >     "latest"
   >   ],
   >   "internal": true
   > }
[2020/11/14 22:43:41.088] -  <   {
 <     "id": 26,
 <     "jsonrpc": "2.0",
 <     "result": "0x0"
 <   }
[2020/11/14 22:43:41.093] -  <   {
 <     "id": 27,
 <     "jsonrpc": "2.0",
 <     "result": "0x55be8af8cd5018000"
 <   }
[2020/11/14 22:43:41.097] -  <   {
 <     "id": 28,
 <     "jsonrpc": "2.0",
 <     "result": "0xdf"
 <   }
[2020/11/14 22:43:41.099] - eth_getTransactionCount
[2020/11/14 22:43:41.099] -    > {
   >   "jsonrpc": "2.0",
   >   "id": 36,
   >   "method": "eth_getTransactionCount",
   >   "params": [
   >     "0xfc24c037264976ab22b901ac12867db837ddc845",
   >     "latest"
   >   ],
   >   "internal": true
   > }
[2020/11/14 22:43:41.100] - eth_getBalance
[2020/11/14 22:43:41.100] -    > {
   >   "jsonrpc": "2.0",
   >   "id": 37,
   >   "method": "eth_getBalance",
   >   "params": [
   >     "0x9aec88b0c05fb5147d87ced23f09fd8f23690b21",
   >     "latest"
   >   ],
   >   "internal": true
   > }
[2020/11/14 22:43:41.103] -  <   {
 <     "id": 29,
 <     "jsonrpc": "2.0",
 <     "result": "0x56bc75e2d63100000"
 <   }
[2020/11/14 22:43:41.104] - eth_getTransactionCount
[2020/11/14 22:43:41.104] -    > {
   >   "jsonrpc": "2.0",
   >   "id": 38,
   >   "method": "eth_getTransactionCount",
   >   "params": [
   >     "0x9aec88b0c05fb5147d87ced23f09fd8f23690b21",
   >     "latest"
   >   ],
   >   "internal": true
   > }
[2020/11/14 22:43:41.105] - eth_getBalance
[2020/11/14 22:43:41.105] -    > {
   >   "jsonrpc": "2.0",
   >   "id": 39,
   >   "method": "eth_getBalance",
   >   "params": [
   >     "0x1dc7d5e928856d3c1be60530bec3d71a37a2e2ac",
   >     "latest"
   >   ],
   >   "internal": true
   > }
[2020/11/14 22:43:41.107] -  <   {
 <     "id": 30,
 <     "jsonrpc": "2.0",
 <     "result": "0x0"
 <   }
[2020/11/14 22:43:41.109] - eth_getTransactionCount
[2020/11/14 22:43:41.109] -    > {
   >   "jsonrpc": "2.0",
   >   "id": 40,
   >   "method": "eth_getTransactionCount",
   >   "params": [
   >     "0x1dc7d5e928856d3c1be60530bec3d71a37a2e2ac",
   >     "latest"
   >   ],
   >   "internal": true
   > }
[2020/11/14 22:43:41.112] -  <   {
 <     "id": 31,
 <     "jsonrpc": "2.0",
 <     "result": "0x56bc75e2d63100000"
 <   }
[2020/11/14 22:43:41.113] - eth_getBalance
[2020/11/14 22:43:41.114] -    > {
   >   "jsonrpc": "2.0",
   >   "id": 41,
   >   "method": "eth_getBalance",
   >   "params": [
   >     "0x2cf771646ad5593311eb8da41d573e4d6aeea2a2",
   >     "latest"
   >   ],
   >   "internal": true
   > }
[2020/11/14 22:43:41.114] - eth_getTransactionCount
[2020/11/14 22:43:41.115] -    > {
   >   "jsonrpc": "2.0",
   >   "id": 42,
   >   "method": "eth_getTransactionCount",
   >   "params": [
   >     "0x2cf771646ad5593311eb8da41d573e4d6aeea2a2",
   >     "latest"
   >   ],
   >   "internal": true
   > }
[2020/11/14 22:43:41.118] -  <   {
 <     "id": 32,
 <     "jsonrpc": "2.0",
 <     "result": "0x0"
 <   }
[2020/11/14 22:43:41.119] - eth_getBalance
[2020/11/14 22:43:41.120] -    > {
   >   "jsonrpc": "2.0",
   >   "id": 43,
   >   "method": "eth_getBalance",
   >   "params": [
   >     "0x66f8a31c6fd399caa6d631124b24f872afeaf389",
   >     "latest"
   >   ],
   >   "internal": true
   > }
[2020/11/14 22:43:41.120] - eth_getTransactionCount
[2020/11/14 22:43:41.121] -    > {
   >   "jsonrpc": "2.0",
   >   "id": 44,
   >   "method": "eth_getTransactionCount",
   >   "params": [
   >     "0x66f8a31c6fd399caa6d631124b24f872afeaf389",
   >     "latest"
   >   ],
   >   "internal": true
   > }
[2020/11/14 22:43:41.123] -  <   {
 <     "id": 33,
 <     "jsonrpc": "2.0",
 <     "result": "0x56bc75e2d63100000"
 <   }
[2020/11/14 22:43:41.124] - eth_getBalance
[2020/11/14 22:43:41.124] -    > {
   >   "jsonrpc": "2.0",
   >   "id": 45,
   >   "method": "eth_getBalance",
   >   "params": [
   >     "0x9b3c403b3b8dcc4e870f6f743adc121ac9e8f234",
   >     "latest"
   >   ],
   >   "internal": true
   > }
[2020/11/14 22:43:41.125] - eth_getTransactionCount
[2020/11/14 22:43:41.125] -    > {
   >   "jsonrpc": "2.0",
   >   "id": 46,
   >   "method": "eth_getTransactionCount",
   >   "params": [
   >     "0x9b3c403b3b8dcc4e870f6f743adc121ac9e8f234",
   >     "latest"
   >   ],
   >   "internal": true
   > }
[2020/11/14 22:43:41.127] -  <   {
 <     "id": 34,
 <     "jsonrpc": "2.0",
 <     "result": "0x0"
 <   }
[2020/11/14 22:43:41.143] -  <   {
 <     "id": 35,
 <     "jsonrpc": "2.0",
 <     "result": "0x56bc75e2d63100000"
 <   }
[2020/11/14 22:43:41.156] -  <   {
 <     "id": 36,
 <     "jsonrpc": "2.0",
 <     "result": "0x0"
 <   }
[2020/11/14 22:43:41.173] -  <   {
 <     "id": 37,
 <     "jsonrpc": "2.0",
 <     "result": "0x56bc75e2d63100000"
 <   }
[2020/11/14 22:43:41.189] -  <   {
 <     "id": 38,
 <     "jsonrpc": "2.0",
 <     "result": "0x0"
 <   }
[2020/11/14 22:43:41.204] -  <   {
 <     "id": 39,
 <     "jsonrpc": "2.0",
 <     "result": "0x56bc75e2d63100000"
 <   }
[2020/11/14 22:43:41.220] -  <   {
 <     "id": 40,
 <     "jsonrpc": "2.0",
 <     "result": "0x0"
 <   }
[2020/11/14 22:43:41.235] -  <   {
 <     "id": 41,
 <     "jsonrpc": "2.0",
 <     "result": "0x56bc75e2d63100000"
 <   }
[2020/11/14 22:43:41.251] -  <   {
 <     "id": 42,
 <     "jsonrpc": "2.0",
 <     "result": "0x0"
 <   }
[2020/11/14 22:43:41.267] -  <   {
 <     "id": 43,
 <     "jsonrpc": "2.0",
 <     "result": "0x56bc75e2d63100000"
 <   }
[2020/11/14 22:43:41.283] -  <   {
 <     "id": 44,
 <     "jsonrpc": "2.0",
 <     "result": "0x0"
 <   }
[2020/11/14 22:43:41.298] -  <   {
 <     "id": 45,
 <     "jsonrpc": "2.0",
 <     "result": "0x56bc75e2d63100000"
 <   }
[2020/11/14 22:43:41.313] -  <   {
 <     "id": 46,
 <     "jsonrpc": "2.0",
 <     "result": "0x0"
 <   }
[2020/11/14 22:44:50.763] - eth_getBlockByNumber
[2020/11/14 22:44:50.763] -    > {
   >   "jsonrpc": "2.0",
   >   "id": 47,
   >   "method": "eth_getBlockByNumber",
   >   "params": [
   >     "0xd0",
   >     false
   >   ],
   >   "internal": true
   > }
[2020/11/14 22:44:50.772] -  <   {
 <     "id": 47,
 <     "jsonrpc": "2.0",
 <     "result": {
 <       "number": "0xd0",
 <       "hash": "0xfe9558eafdf950037e0c1158b3fe11fb971bd3bb30123c15e2ca939d91266874",
 <       "parentHash": "0x8283d8af55d5a3e13e767a418365f8d2b995bcab5b2bc2437201340e17a80275",
 <       "mixHash": "0x0000000000000000000000000000000000000000000000000000000000000000",
 <       "nonce": "0x0000000000000000",
 <       "sha3Uncles": "0x1dcc4de8dec75d7aab85b567b6ccd41ad312451b948a7413f0a142fd40d49347",
 <       "logsBloom": "0x00000000000000000000000000000000000000000000000000000000000000000000000000000000000000000000000000000000000000000000000000000000000000000000000000000000000000000000000000000000000000000000000000000000000000000000000000000000000000000000000000000000000000000000000000000000000000000000000000000000000000000000000000000000000000000000000000000000000000000000000000000000000000000000000000000000000000000000000000000000000000000000000000000000000000000000000000000000000000000000000000000000000000000000000000000000",
 <       "transactionsRoot": "0x54a1fa4efd70beefe4d87146e2a936cec7cf41f9f5791d8c7c35a66638bacae3",
 <       "stateRoot": "0xe08d03f6a510bc69f54529da3609dd805427dd130b612675e4c3816517844bde",
 <       "receiptsRoot": "0x5316ab78f0bd71c23fb355dc50a0dd9a084b430627b47becd60459f98e2bf331",
 <       "miner": "0x0000000000000000000000000000000000000000",
 <       "difficulty": "0x0",
 <       "totalDifficulty": "0x0",
 <       "extraData": "0x",
 <       "size": "0x3e8",
 <       "gasLimit": "0x6691b7",
 <       "gasUsed": "0x38e15",
 <       "timestamp": "0x5fa7e888",
 <       "transactions": [
 <         "0x1adf20517930b70e5791ca71c237862bf5e9b470b45ba7efedbe8ccc184dac3b"
 <       ],
 <       "uncles": []
 <     }
 <   }
[2020/11/14 22:44:50.782] - eth_getBlockTransactionCountByNumber
[2020/11/14 22:44:50.782] -    > {
   >   "jsonrpc": "2.0",
   >   "id": 48,
   >   "method": "eth_getBlockTransactionCountByNumber",
   >   "params": [
   >     "0xd0"
   >   ],
   >   "internal": true
   > }
[2020/11/14 22:44:50.787] -  <   {
 <     "id": 48,
 <     "jsonrpc": "2.0",
 <     "result": "0x1"
 <   }
[2020/11/14 22:44:50.795] - eth_getBlockByNumber
[2020/11/14 22:44:50.796] -    > {
   >   "jsonrpc": "2.0",
   >   "id": 49,
   >   "method": "eth_getBlockByNumber",
   >   "params": [
   >     "0xd1",
   >     false
   >   ],
   >   "internal": true
   > }
[2020/11/14 22:44:50.803] -  <   {
 <     "id": 49,
 <     "jsonrpc": "2.0",
 <     "result": {
 <       "number": "0xd1",
 <       "hash": "0x3fe10195311086bb0f919dc1a60468e58a8ee9e5bd4b106b577db5df215b2d91",
 <       "parentHash": "0xfe9558eafdf950037e0c1158b3fe11fb971bd3bb30123c15e2ca939d91266874",
 <       "mixHash": "0x0000000000000000000000000000000000000000000000000000000000000000",
 <       "nonce": "0x0000000000000000",
 <       "sha3Uncles": "0x1dcc4de8dec75d7aab85b567b6ccd41ad312451b948a7413f0a142fd40d49347",
 <       "logsBloom": "0x00000000000000000000000000000000000000000000000000000000000000000000000000000000000000000000000000000000000000000000000000000000000000000000000000000000000000000000000000000000000000000000000000000000000000000000000000000000000000000000000000000000000000000000000000000000000000000000000000000000000000000000000000000000000000000000000000000000000000000000000000000000000000000000000000000000000000000000000000000000000000000000000000000000000000000000000000000000000000000000000000000000000000000000000000000000",
 <       "transactionsRoot": "0x7c03be9d09c22a08fe4c90c1f1223285b3054eb7f2e734f24b55688a3fc58e6e",
 <       "stateRoot": "0xa1c351b2e6cdffd5cb8ad88e0e3fdd71b9e153e91cad68235f84dbdb5f7b166a",
 <       "receiptsRoot": "0xfd0dd7d7f176bf035bfb1b9994fedbbfa5144d5ae535c97bf67904178ab50ebb",
 <       "miner": "0x0000000000000000000000000000000000000000",
 <       "difficulty": "0x0",
 <       "totalDifficulty": "0x0",
 <       "extraData": "0x",
 <       "size": "0x3e8",
 <       "gasLimit": "0x6691b7",
 <       "gasUsed": "0x53d8",
 <       "timestamp": "0x5fa7e889",
 <       "transactions": [
 <         "0x91c1ed07f35185740b9dff0cfb4974047a6e567cfe78294e6beee35f482d7912"
 <       ],
 <       "uncles": []
 <     }
 <   }
[2020/11/14 22:44:50.810] - eth_getBlockTransactionCountByNumber
[2020/11/14 22:44:50.811] -    > {
   >   "jsonrpc": "2.0",
   >   "id": 50,
   >   "method": "eth_getBlockTransactionCountByNumber",
   >   "params": [
   >     "0xd1"
   >   ],
   >   "internal": true
   > }
[2020/11/14 22:44:50.819] -  <   {
 <     "id": 50,
 <     "jsonrpc": "2.0",
 <     "result": "0x1"
 <   }
[2020/11/14 22:44:50.824] - eth_getBlockByNumber
[2020/11/14 22:44:50.825] -    > {
   >   "jsonrpc": "2.0",
   >   "id": 51,
   >   "method": "eth_getBlockByNumber",
   >   "params": [
   >     "0xd2",
   >     false
   >   ],
   >   "internal": true
   > }
[2020/11/14 22:44:50.836] -  <   {
 <     "id": 51,
 <     "jsonrpc": "2.0",
 <     "result": {
 <       "number": "0xd2",
 <       "hash": "0x7f7032ba83e70b623523a242b7d6be7d58862588b1d98023a3bdc22301144560",
 <       "parentHash": "0x3fe10195311086bb0f919dc1a60468e58a8ee9e5bd4b106b577db5df215b2d91",
 <       "mixHash": "0x0000000000000000000000000000000000000000000000000000000000000000",
 <       "nonce": "0x0000000000000000",
 <       "sha3Uncles": "0x1dcc4de8dec75d7aab85b567b6ccd41ad312451b948a7413f0a142fd40d49347",
 <       "logsBloom": "0x00000000000000000000000000000000000000000000000000000000000000000000000000000000000000000000000000000000000000000000000000000000000000000200000000000000000000000000000000000000000000001000000000000000000080000000000000000000000000000000080000000000000000000000000000000000000000000000000000000000000000000000000000000000000000000000000000000000000000000000000000000000000000000000000000000020000000000000000000000000000000000000000000000100000000000000000000000000000000000000000000000000000000000000000000000000",
 <       "transactionsRoot": "0xeed07828d3dab37b569f8c9304aa304548b246265b8775c25a20c0d2efb36ea9",
 <       "stateRoot": "0xbfd08c40a7bb77b0f3ba4ff1df516d9748e48e3473b4b49726932d48b48fa33e",
 <       "receiptsRoot": "0xd085c8d751f9ebdf701dec221799fbb334118a126639ed87e4400023a85f3aef",
 <       "miner": "0x0000000000000000000000000000000000000000",
 <       "difficulty": "0x0",
 <       "totalDifficulty": "0x0",
 <       "extraData": "0x",
 <       "size": "0x3e8",
 <       "gasLimit": "0x6691b7",
 <       "gasUsed": "0x969b1",
 <       "timestamp": "0x5fa7e88a",
 <       "transactions": [
 <         "0xe957d03937e3340c20227c550b43d3b7636e5afd0235ba78ddff808dd71b22bb"
 <       ],
 <       "uncles": []
 <     }
 <   }
[2020/11/14 22:44:50.840] - eth_getBlockTransactionCountByNumber
[2020/11/14 22:44:50.841] -    > {
   >   "jsonrpc": "2.0",
   >   "id": 52,
   >   "method": "eth_getBlockTransactionCountByNumber",
   >   "params": [
   >     "0xd2"
   >   ],
   >   "internal": true
   > }
[2020/11/14 22:44:50.850] -  <   {
 <     "id": 52,
 <     "jsonrpc": "2.0",
 <     "result": "0x1"
 <   }
[2020/11/14 22:44:50.855] - eth_getBlockByNumber
[2020/11/14 22:44:50.856] -    > {
   >   "jsonrpc": "2.0",
   >   "id": 53,
   >   "method": "eth_getBlockByNumber",
   >   "params": [
   >     "0xd3",
   >     false
   >   ],
   >   "internal": true
   > }
[2020/11/14 22:44:50.867] -  <   {
 <     "id": 53,
 <     "jsonrpc": "2.0",
 <     "result": {
 <       "number": "0xd3",
 <       "hash": "0xbb6f1da404becdf815a65538cc4c70ae55f571a987e9fbbc9fab954be7534d4f",
 <       "parentHash": "0x7f7032ba83e70b623523a242b7d6be7d58862588b1d98023a3bdc22301144560",
 <       "mixHash": "0x0000000000000000000000000000000000000000000000000000000000000000",
 <       "nonce": "0x0000000000000000",
 <       "sha3Uncles": "0x1dcc4de8dec75d7aab85b567b6ccd41ad312451b948a7413f0a142fd40d49347",
 <       "logsBloom": "0x00000000000000000000000000000000000000000000000000000000000000000000000000000000000000000000000000000000000000000000000000000000000000000000000000000000000000000000000000000000000000000000000000000000000000000000000000000000000000000000000000000000000000000000000000000000000000000000000000000000000000000000000000000000000000000000000000000000000000000000000000000000000000000000000000000000000000000000000000000000000000000000000000000000000000000000000000000000000000000000000000000000000000000000000000000000",
 <       "transactionsRoot": "0x100c25bde1349808511487cc68ae88043b63fe07ef51bf1f8d8036d2dd0099c0",
 <       "stateRoot": "0xbd41532a89a7b1f75fb9639a1feb07e9cb7b8b970f67222e88480f6367ab432e",
 <       "receiptsRoot": "0xfd0dd7d7f176bf035bfb1b9994fedbbfa5144d5ae535c97bf67904178ab50ebb",
 <       "miner": "0x0000000000000000000000000000000000000000",
 <       "difficulty": "0x0",
 <       "totalDifficulty": "0x0",
 <       "extraData": "0x",
 <       "size": "0x3e8",
 <       "gasLimit": "0x6691b7",
 <       "gasUsed": "0x53d8",
 <       "timestamp": "0x5fa7e88a",
 <       "transactions": [
 <         "0xd1b9290364e7a83ae9418a58c22af9b2f258db1460e4f39bc56cf7fe54beac1f"
 <       ],
 <       "uncles": []
 <     }
 <   }
[2020/11/14 22:44:50.873] - eth_getBlockTransactionCountByNumber
[2020/11/14 22:44:50.874] -    > {
   >   "jsonrpc": "2.0",
   >   "id": 54,
   >   "method": "eth_getBlockTransactionCountByNumber",
   >   "params": [
   >     "0xd3"
   >   ],
   >   "internal": true
   > }
[2020/11/14 22:44:50.879] -  <   {
 <     "id": 54,
 <     "jsonrpc": "2.0",
 <     "result": "0x1"
 <   }
[2020/11/14 22:44:50.885] - eth_getBlockByNumber
[2020/11/14 22:44:50.885] -    > {
   >   "jsonrpc": "2.0",
   >   "id": 55,
   >   "method": "eth_getBlockByNumber",
   >   "params": [
   >     "0xd4",
   >     false
   >   ],
   >   "internal": true
   > }
[2020/11/14 22:44:50.898] -  <   {
 <     "id": 55,
 <     "jsonrpc": "2.0",
 <     "result": {
 <       "number": "0xd4",
 <       "hash": "0xec2868b6b4b416bc04e1b568ad08894ac20f326c2a1e3101c558c57d2594e812",
 <       "parentHash": "0xbb6f1da404becdf815a65538cc4c70ae55f571a987e9fbbc9fab954be7534d4f",
 <       "mixHash": "0x0000000000000000000000000000000000000000000000000000000000000000",
 <       "nonce": "0x0000000000000000",
 <       "sha3Uncles": "0x1dcc4de8dec75d7aab85b567b6ccd41ad312451b948a7413f0a142fd40d49347",
 <       "logsBloom": "0x00000000000000000000000000000000000000000000000000000000000000000000000000000000000000000000000000000000000000000000000000000000000000000200000000000000000000000000000000000000000000001000000000000000000080000000000000000000000000000000080000000000000000000000000000000000000000000000000000000000000000000000000000000000000000000000000000000000000000000000000000000000000000000000000000000020000000000000000000000000000000000000000000000100000000000000000000000000000000000000000000000000000000000000000000000000",
 <       "transactionsRoot": "0x7e1c8411bb32e790e6bad0da7de56aedeb40959a7c2629436b7fee56822cfd28",
 <       "stateRoot": "0xb371746bc59d93ce4870653547bc777df76c4e8bc9dc7c70f8d1f50d20f26da4",
 <       "receiptsRoot": "0x0c2e6a14b195a9225fcf1cba8f3d81d10d9fd14ab76067fb4ab14e1eccf6c4c2",
 <       "miner": "0x0000000000000000000000000000000000000000",
 <       "difficulty": "0x0",
 <       "totalDifficulty": "0x0",
 <       "extraData": "0x",
 <       "size": "0x3e8",
 <       "gasLimit": "0x6691b7",
 <       "gasUsed": "0x129e0",
 <       "timestamp": "0x5fa7e91c",
 <       "transactions": [
 <         "0x47e36a2f128f4777043f760194732a6697d52b5b9d3ad05df20c98a8eeed1e4a"
 <       ],
 <       "uncles": []
 <     }
 <   }
[2020/11/14 22:44:50.904] - eth_getBlockTransactionCountByNumber
[2020/11/14 22:44:50.905] -    > {
   >   "jsonrpc": "2.0",
   >   "id": 56,
   >   "method": "eth_getBlockTransactionCountByNumber",
   >   "params": [
   >     "0xd4"
   >   ],
   >   "internal": true
   > }
[2020/11/14 22:44:50.910] -  <   {
 <     "id": 56,
 <     "jsonrpc": "2.0",
 <     "result": "0x1"
 <   }
[2020/11/14 22:44:50.915] - eth_getBlockByNumber
[2020/11/14 22:44:50.916] -    > {
   >   "jsonrpc": "2.0",
   >   "id": 57,
   >   "method": "eth_getBlockByNumber",
   >   "params": [
   >     "0xd5",
   >     false
   >   ],
   >   "internal": true
   > }
[2020/11/14 22:44:50.927] -  <   {
 <     "id": 57,
 <     "jsonrpc": "2.0",
 <     "result": {
 <       "number": "0xd5",
 <       "hash": "0x308d5b89b8620b1af744acd5a4ff5a41f496ab1db12862ad886ebd399c747294",
 <       "parentHash": "0xec2868b6b4b416bc04e1b568ad08894ac20f326c2a1e3101c558c57d2594e812",
 <       "mixHash": "0x0000000000000000000000000000000000000000000000000000000000000000",
 <       "nonce": "0x0000000000000000",
 <       "sha3Uncles": "0x1dcc4de8dec75d7aab85b567b6ccd41ad312451b948a7413f0a142fd40d49347",
 <       "logsBloom": "0x00000000000000000000000000000000000000000000000000000000000000000000000000000000000000000000000000000000000000000000000000000000000000000000000000000000000000000000000000000000000000000000000000000000000000000000000000000000000000000000000000000000000000000000000000000000000000000000000000000000000000000000000000000000000000000000000000000000000000000000000000000000000000000000000000000000000000000000000000000000000000000000000000000000000000000000000000000000000000000000000000000000000000000000000000000000",
 <       "transactionsRoot": "0x8dd0879e78e8a168accd1093a148720633a3bfb67ee3884f8ff372201482a4fd",
 <       "stateRoot": "0x74a6f5f6ea9f9a4360bcbd960746d721b1ca60352dab89ffafcc69362b77f887",
 <       "receiptsRoot": "0x5316ab78f0bd71c23fb355dc50a0dd9a084b430627b47becd60459f98e2bf331",
 <       "miner": "0x0000000000000000000000000000000000000000",
 <       "difficulty": "0x0",
 <       "totalDifficulty": "0x0",
 <       "extraData": "0x",
 <       "size": "0x3e8",
 <       "gasLimit": "0x6691b7",
 <       "gasUsed": "0x38e15",
 <       "timestamp": "0x5fa80292",
 <       "transactions": [
 <         "0x25dd1d574e31fbd4843408f31c41c67071c962efab2cdb73a89e2afc880e7faf"
 <       ],
 <       "uncles": []
 <     }
 <   }
[2020/11/14 22:44:50.934] - eth_getBlockTransactionCountByNumber
[2020/11/14 22:44:50.935] -    > {
   >   "jsonrpc": "2.0",
   >   "id": 58,
   >   "method": "eth_getBlockTransactionCountByNumber",
   >   "params": [
   >     "0xd5"
   >   ],
   >   "internal": true
   > }
[2020/11/14 22:44:50.941] -  <   {
 <     "id": 58,
 <     "jsonrpc": "2.0",
 <     "result": "0x1"
 <   }
[2020/11/14 22:44:50.945] - eth_getBlockByNumber
[2020/11/14 22:44:50.945] -    > {
   >   "jsonrpc": "2.0",
   >   "id": 59,
   >   "method": "eth_getBlockByNumber",
   >   "params": [
   >     "0xd6",
   >     false
   >   ],
   >   "internal": true
   > }
[2020/11/14 22:44:50.958] -  <   {
 <     "id": 59,
 <     "jsonrpc": "2.0",
 <     "result": {
 <       "number": "0xd6",
 <       "hash": "0x8165ee4fac5099bb2dd176248d3ac3a920483a7954c40b031754f95611f37f6c",
 <       "parentHash": "0x308d5b89b8620b1af744acd5a4ff5a41f496ab1db12862ad886ebd399c747294",
 <       "mixHash": "0x0000000000000000000000000000000000000000000000000000000000000000",
 <       "nonce": "0x0000000000000000",
 <       "sha3Uncles": "0x1dcc4de8dec75d7aab85b567b6ccd41ad312451b948a7413f0a142fd40d49347",
 <       "logsBloom": "0x00000000000000000000000000000000000000000000000000000000000000000000000000000000000000000000000000000000000000000000000000000000000000000000000000000000000000000000000000000000000000000000000000000000000000000000000000000000000000000000000000000000000000000000000000000000000000000000000000000000000000000000000000000000000000000000000000000000000000000000000000000000000000000000000000000000000000000000000000000000000000000000000000000000000000000000000000000000000000000000000000000000000000000000000000000000",
 <       "transactionsRoot": "0xe5c1b43f39d3826d1425ad458ed7bf081824d846a000dfa1a24acd9b0148be11",
 <       "stateRoot": "0x2063a24e834b1c69799886fd5195d1abece5060b7db165885d157f5a72ceccfb",
 <       "receiptsRoot": "0xfd0dd7d7f176bf035bfb1b9994fedbbfa5144d5ae535c97bf67904178ab50ebb",
 <       "miner": "0x0000000000000000000000000000000000000000",
 <       "difficulty": "0x0",
 <       "totalDifficulty": "0x0",
 <       "extraData": "0x",
 <       "size": "0x3e8",
 <       "gasLimit": "0x6691b7",
 <       "gasUsed": "0x53d8",
 <       "timestamp": "0x5fa80292",
 <       "transactions": [
 <         "0x92a61fb4a283002f6d43edcf8fc1a87e9a3a504be14c857e662469bca064a06e"
 <       ],
 <       "uncles": []
 <     }
 <   }
[2020/11/14 22:44:50.964] - eth_getBlockTransactionCountByNumber
[2020/11/14 22:44:50.964] -    > {
   >   "jsonrpc": "2.0",
   >   "id": 60,
   >   "method": "eth_getBlockTransactionCountByNumber",
   >   "params": [
   >     "0xd6"
   >   ],
   >   "internal": true
   > }
[2020/11/14 22:44:50.973] -  <   {
 <     "id": 60,
 <     "jsonrpc": "2.0",
 <     "result": "0x1"
 <   }
[2020/11/14 22:44:50.976] - eth_getBlockByNumber
[2020/11/14 22:44:50.977] -    > {
   >   "jsonrpc": "2.0",
   >   "id": 61,
   >   "method": "eth_getBlockByNumber",
   >   "params": [
   >     "0xd7",
   >     false
   >   ],
   >   "internal": true
   > }
[2020/11/14 22:44:50.990] -  <   {
 <     "id": 61,
 <     "jsonrpc": "2.0",
 <     "result": {
 <       "number": "0xd7",
 <       "hash": "0xfe06de9d011f495980606cdaf19f1df0cdc8ba1fb2616619927bd77a3499ca2a",
 <       "parentHash": "0x8165ee4fac5099bb2dd176248d3ac3a920483a7954c40b031754f95611f37f6c",
 <       "mixHash": "0x0000000000000000000000000000000000000000000000000000000000000000",
 <       "nonce": "0x0000000000000000",
 <       "sha3Uncles": "0x1dcc4de8dec75d7aab85b567b6ccd41ad312451b948a7413f0a142fd40d49347",
 <       "logsBloom": "0x00000000000000000004000200000000000000000000000000000000000000000000000000000000000000000000000000000000000000000000000000000000000000000200000000000000000000000000000000000000000000000000000000000000000080000000000000000000000000000000080000000000000000000000000000000000000000000000000000000000000000000000000000000000000000000000000000000000000000000000000000000000000000000000000000000000000000000000000000000000000000000000000000000000000000000000000000000000000000000000000000000000000000000000000000400000",
 <       "transactionsRoot": "0xcecf1430203fd07e2f83638e66e1be577bfb2a6a83dcae74e95281f68ab3d08e",
 <       "stateRoot": "0x8acafd06a40745714586a845d65fe1845364be1f82bf1ea5799b1d427a3cb2ab",
 <       "receiptsRoot": "0x6505c3f8bda63aed99b01868e872d3e466496f8d773fb2fad16b818ef019790d",
 <       "miner": "0x0000000000000000000000000000000000000000",
 <       "difficulty": "0x0",
 <       "totalDifficulty": "0x0",
 <       "extraData": "0x",
 <       "size": "0x3e8",
 <       "gasLimit": "0x6691b7",
 <       "gasUsed": "0x969b1",
 <       "timestamp": "0x5fa80292",
 <       "transactions": [
 <         "0xd7ca1fe071ec919282f5496fd09e8a741947a017ebf3959bc7a3f083cbdc6977"
 <       ],
 <       "uncles": []
 <     }
 <   }
[2020/11/14 22:44:50.994] - eth_getBlockTransactionCountByNumber
[2020/11/14 22:44:50.995] -    > {
   >   "jsonrpc": "2.0",
   >   "id": 62,
   >   "method": "eth_getBlockTransactionCountByNumber",
   >   "params": [
   >     "0xd7"
   >   ],
   >   "internal": true
   > }
[2020/11/14 22:44:50.995] -  <   {
 <     "id": 62,
 <     "jsonrpc": "2.0",
 <     "result": "0x1"
 <   }
[2020/11/14 22:44:51.001] - eth_getBlockByNumber
[2020/11/14 22:44:51.001] -    > {
   >   "jsonrpc": "2.0",
   >   "id": 63,
   >   "method": "eth_getBlockByNumber",
   >   "params": [
   >     "0xd8",
   >     false
   >   ],
   >   "internal": true
   > }
[2020/11/14 22:44:51.004] -  <   {
 <     "id": 63,
 <     "jsonrpc": "2.0",
 <     "result": {
 <       "number": "0xd8",
 <       "hash": "0x378f054b0f0b7e994ab8ff4eab45b9098bae732dd3f7da4bb08597f6c86a4325",
 <       "parentHash": "0xfe06de9d011f495980606cdaf19f1df0cdc8ba1fb2616619927bd77a3499ca2a",
 <       "mixHash": "0x0000000000000000000000000000000000000000000000000000000000000000",
 <       "nonce": "0x0000000000000000",
 <       "sha3Uncles": "0x1dcc4de8dec75d7aab85b567b6ccd41ad312451b948a7413f0a142fd40d49347",
 <       "logsBloom": "0x00000000000000000000000000000000000000000000000000000000000000000000000000000000000000000000000000000000000000000000000000000000000000000000000000000000000000000000000000000000000000000000000000000000000000000000000000000000000000000000000000000000000000000000000000000000000000000000000000000000000000000000000000000000000000000000000000000000000000000000000000000000000000000000000000000000000000000000000000000000000000000000000000000000000000000000000000000000000000000000000000000000000000000000000000000000",
 <       "transactionsRoot": "0xd1574ad9fc75e2e74e3a8722c1daf93f81023e94ce0c7ed8b81231ae86b54516",
 <       "stateRoot": "0x23f7ff284f061dd542fb648b88f697f43c214ac0057939a0826c6ea05a8c7e02",
 <       "receiptsRoot": "0xfd0dd7d7f176bf035bfb1b9994fedbbfa5144d5ae535c97bf67904178ab50ebb",
 <       "miner": "0x0000000000000000000000000000000000000000",
 <       "difficulty": "0x0",
 <       "totalDifficulty": "0x0",
 <       "extraData": "0x",
 <       "size": "0x3e8",
 <       "gasLimit": "0x6691b7",
 <       "gasUsed": "0x53d8",
 <       "timestamp": "0x5fa80293",
 <       "transactions": [
 <         "0xdb8b36cf60c8f8de23d8286fbe7ef59bd8d5382b6e0ba332ecd1a5ca37bfe38c"
 <       ],
 <       "uncles": []
 <     }
 <   }
[2020/11/14 22:44:51.008] - eth_getBlockTransactionCountByNumber
[2020/11/14 22:44:51.009] -    > {
   >   "jsonrpc": "2.0",
   >   "id": 64,
   >   "method": "eth_getBlockTransactionCountByNumber",
   >   "params": [
   >     "0xd8"
   >   ],
   >   "internal": true
   > }
[2020/11/14 22:44:51.019] -  <   {
 <     "id": 64,
 <     "jsonrpc": "2.0",
 <     "result": "0x1"
 <   }
[2020/11/14 22:44:51.023] - eth_getBlockByNumber
[2020/11/14 22:44:51.024] -    > {
   >   "jsonrpc": "2.0",
   >   "id": 65,
   >   "method": "eth_getBlockByNumber",
   >   "params": [
   >     "0xd9",
   >     false
   >   ],
   >   "internal": true
   > }
[2020/11/14 22:44:51.358] -  <   {
 <     "id": 65,
 <     "jsonrpc": "2.0",
 <     "result": {
 <       "number": "0xd9",
 <       "hash": "0x6017dcce69cfb87de285b40d3d36d2a81e5d09463a437190fcbc077ac12115de",
 <       "parentHash": "0x378f054b0f0b7e994ab8ff4eab45b9098bae732dd3f7da4bb08597f6c86a4325",
 <       "mixHash": "0x0000000000000000000000000000000000000000000000000000000000000000",
 <       "nonce": "0x0000000000000000",
 <       "sha3Uncles": "0x1dcc4de8dec75d7aab85b567b6ccd41ad312451b948a7413f0a142fd40d49347",
 <       "logsBloom": "0x00000000000000000004000200000000000000000000000000000000000000000000000000000000000000000000000000000000000000000000000000000000000000000200000000000000000000000000000000000000000000000000000000000000000080000000000000000000000000000000080000000000000000000000000000000000000000000000000000000000000000000000000000000000000000000000000000000000000000000000000000000000000000000000000000000000000000000000000000000000000000000000000000000000000000000000000000000000000000000000000000000000000000000000000000400000",
 <       "transactionsRoot": "0xe7b0f18f14910177f38b1d1144ad3702006c0bb6a75286ec54771989ab57cb94",
 <       "stateRoot": "0x487cd73cb7166f243bf81bbc838c1c6f0f294ee2a36c70d3d51627d1890053ed",
 <       "receiptsRoot": "0xccb7111055b9f96c0aa9d3dbdafebe82e5c5883f89c5b19eb5ac268be9761b24",
 <       "miner": "0x0000000000000000000000000000000000000000",
 <       "difficulty": "0x0",
 <       "totalDifficulty": "0x0",
 <       "extraData": "0x",
 <       "size": "0x3e8",
 <       "gasLimit": "0x6691b7",
 <       "gasUsed": "0x12a20",
 <       "timestamp": "0x5fa802ae",
 <       "transactions": [
 <         "0x984264537120a1d1d2f4dfa85cde6c0203fcfc29b1dfe84e63a5b1bbc754af51"
 <       ],
 <       "uncles": []
 <     }
 <   }
[2020/11/14 22:44:51.364] - eth_getBlockTransactionCountByNumber
[2020/11/14 22:44:51.365] -    > {
   >   "jsonrpc": "2.0",
   >   "id": 66,
   >   "method": "eth_getBlockTransactionCountByNumber",
   >   "params": [
   >     "0xd9"
   >   ],
   >   "internal": true
   > }
[2020/11/14 22:44:51.376] -  <   {
 <     "id": 66,
 <     "jsonrpc": "2.0",
 <     "result": "0x1"
 <   }
[2020/11/14 22:44:51.382] - eth_getBlockByNumber
[2020/11/14 22:44:51.383] -    > {
   >   "jsonrpc": "2.0",
   >   "id": 67,
   >   "method": "eth_getBlockByNumber",
   >   "params": [
   >     "0xda",
   >     false
   >   ],
   >   "internal": true
   > }
[2020/11/14 22:44:51.393] -  <   {
 <     "id": 67,
 <     "jsonrpc": "2.0",
 <     "result": {
 <       "number": "0xda",
 <       "hash": "0x9ae1706b19127a7c1996598985637919e967b794afa4db4ae9e2e5d0d610e91d",
 <       "parentHash": "0x6017dcce69cfb87de285b40d3d36d2a81e5d09463a437190fcbc077ac12115de",
 <       "mixHash": "0x0000000000000000000000000000000000000000000000000000000000000000",
 <       "nonce": "0x0000000000000000",
 <       "sha3Uncles": "0x1dcc4de8dec75d7aab85b567b6ccd41ad312451b948a7413f0a142fd40d49347",
 <       "logsBloom": "0x00000000000000000000000000000000000000000000000000000000000000000000000000000000000000000000000000000000000000000000000000000000000000000000000000000000000000000000000000000000000000000000000000000000000000000000000000000000000000000000000000000000000000000000000000000000000000000000000000000000000000000000000000000000000000000000000000000000000000000000000000000000000000000000000000000000000000000000000000000000000000000000000000000000000000000000000000000000000000000000000000000000000000000000000000000000",
 <       "transactionsRoot": "0xe84cb555ac7ef11aad86b43c39d9a60f6b9ec866e688f6d8aacd5b269b29658b",
 <       "stateRoot": "0xe35167c211689d4d6da5b79c3120e2cb7c23e8b30d18d383712aef0b827386db",
 <       "receiptsRoot": "0x5316ab78f0bd71c23fb355dc50a0dd9a084b430627b47becd60459f98e2bf331",
 <       "miner": "0x0000000000000000000000000000000000000000",
 <       "difficulty": "0x0",
 <       "totalDifficulty": "0x0",
 <       "extraData": "0x",
 <       "size": "0x3e8",
 <       "gasLimit": "0x6691b7",
 <       "gasUsed": "0x38e15",
 <       "timestamp": "0x5fa8071a",
 <       "transactions": [
 <         "0x57790e9cd87b6695da288dedfc6599fee6b0eace785239a50984f602058221c2"
 <       ],
 <       "uncles": []
 <     }
 <   }
[2020/11/14 22:44:51.398] - eth_getBlockTransactionCountByNumber
[2020/11/14 22:44:51.398] -    > {
   >   "jsonrpc": "2.0",
   >   "id": 68,
   >   "method": "eth_getBlockTransactionCountByNumber",
   >   "params": [
   >     "0xda"
   >   ],
   >   "internal": true
   > }
[2020/11/14 22:44:51.399] -  <   {
 <     "id": 68,
 <     "jsonrpc": "2.0",
 <     "result": "0x1"
 <   }
[2020/11/14 22:44:51.404] - eth_getBlockByNumber
[2020/11/14 22:44:51.405] -    > {
   >   "jsonrpc": "2.0",
   >   "id": 69,
   >   "method": "eth_getBlockByNumber",
   >   "params": [
   >     "0xdb",
   >     false
   >   ],
   >   "internal": true
   > }
[2020/11/14 22:44:51.408] -  <   {
 <     "id": 69,
 <     "jsonrpc": "2.0",
 <     "result": {
 <       "number": "0xdb",
 <       "hash": "0xbccb8e3b3e9cb938eff1abc386a3ada96fbc539743bcc351ba7caab8c9bcda74",
 <       "parentHash": "0x9ae1706b19127a7c1996598985637919e967b794afa4db4ae9e2e5d0d610e91d",
 <       "mixHash": "0x0000000000000000000000000000000000000000000000000000000000000000",
 <       "nonce": "0x0000000000000000",
 <       "sha3Uncles": "0x1dcc4de8dec75d7aab85b567b6ccd41ad312451b948a7413f0a142fd40d49347",
 <       "logsBloom": "0x00000000000000000000000000000000000000000000000000000000000000000000000000000000000000000000000000000000000000000000000000000000000000000000000000000000000000000000000000000000000000000000000000000000000000000000000000000000000000000000000000000000000000000000000000000000000000000000000000000000000000000000000000000000000000000000000000000000000000000000000000000000000000000000000000000000000000000000000000000000000000000000000000000000000000000000000000000000000000000000000000000000000000000000000000000000",
 <       "transactionsRoot": "0xf9a718cb2461ada904e13476f0286bb51273ac5e9df4bf9c9570ea5b62e3fd00",
 <       "stateRoot": "0x7d14467d3277fd865574cdf54abf26ceaefe5e3bec9e1000fd6db7b20e5e80e2",
 <       "receiptsRoot": "0xfd0dd7d7f176bf035bfb1b9994fedbbfa5144d5ae535c97bf67904178ab50ebb",
 <       "miner": "0x0000000000000000000000000000000000000000",
 <       "difficulty": "0x0",
 <       "totalDifficulty": "0x0",
 <       "extraData": "0x",
 <       "size": "0x3e8",
 <       "gasLimit": "0x6691b7",
 <       "gasUsed": "0x53d8",
 <       "timestamp": "0x5fa8071a",
 <       "transactions": [
 <         "0x33c90c2571e83d77547c8a370dbfb315b0cacebf14111faf859548ec5b985d23"
 <       ],
 <       "uncles": []
 <     }
 <   }
[2020/11/14 22:44:51.414] - eth_getBlockTransactionCountByNumber
[2020/11/14 22:44:51.414] -    > {
   >   "jsonrpc": "2.0",
   >   "id": 70,
   >   "method": "eth_getBlockTransactionCountByNumber",
   >   "params": [
   >     "0xdb"
   >   ],
   >   "internal": true
   > }
[2020/11/14 22:44:51.423] -  <   {
 <     "id": 70,
 <     "jsonrpc": "2.0",
 <     "result": "0x1"
 <   }
[2020/11/14 22:44:51.427] - eth_getBlockByNumber
[2020/11/14 22:44:51.427] -    > {
   >   "jsonrpc": "2.0",
   >   "id": 71,
   >   "method": "eth_getBlockByNumber",
   >   "params": [
   >     "0xdc",
   >     false
   >   ],
   >   "internal": true
   > }
[2020/11/14 22:44:51.439] -  <   {
 <     "id": 71,
 <     "jsonrpc": "2.0",
 <     "result": {
 <       "number": "0xdc",
 <       "hash": "0x2855eade0703376adfccae62151e798d882cb3a2cfcf3a816c50ead5df6b2f71",
 <       "parentHash": "0xbccb8e3b3e9cb938eff1abc386a3ada96fbc539743bcc351ba7caab8c9bcda74",
 <       "mixHash": "0x0000000000000000000000000000000000000000000000000000000000000000",
 <       "nonce": "0x0000000000000000",
 <       "sha3Uncles": "0x1dcc4de8dec75d7aab85b567b6ccd41ad312451b948a7413f0a142fd40d49347",
 <       "logsBloom": "0x00000008000000000000000000000000000000000000000000000000000000000000000000000000000000000000000000000000000000000000000000000000000000000200000000000000000000000000000000000000000000000000000000000000000080000000000000000000000000000000080000000000000000000000000000000000000000004000020000000000000000000000000000000000000000000000000000000000000000000000000000000000000000000000000000000000000000000000000000000000000000000000000000000000000000000000000000000000000000000000000000000000000000000000000000000000",
 <       "transactionsRoot": "0x020841cbd7cfff272b9feae4c96b1ee78072040ea1aa11363ac6ce625e53259b",
 <       "stateRoot": "0x87629def7fbae10a36dedd0906cc045b17a30a2f2c7066181050821ffb7d8d91",
 <       "receiptsRoot": "0xaa64827a75d9f4f6886f09faadd455ee99120c5505589ccfeba586c316fd35eb",
 <       "miner": "0x0000000000000000000000000000000000000000",
 <       "difficulty": "0x0",
 <       "totalDifficulty": "0x0",
 <       "extraData": "0x",
 <       "size": "0x3e8",
 <       "gasLimit": "0x6691b7",
 <       "gasUsed": "0x969b1",
 <       "timestamp": "0x5fa8071b",
 <       "transactions": [
 <         "0xa7b1bb0c7cb27229b33c56a7237f47a767bf0a71eb919789fdce331213afbbf5"
 <       ],
 <       "uncles": []
 <     }
 <   }
[2020/11/14 22:44:51.447] - eth_getBlockTransactionCountByNumber
[2020/11/14 22:44:51.447] -    > {
   >   "jsonrpc": "2.0",
   >   "id": 72,
   >   "method": "eth_getBlockTransactionCountByNumber",
   >   "params": [
   >     "0xdc"
   >   ],
   >   "internal": true
   > }
[2020/11/14 22:44:51.454] -  <   {
 <     "id": 72,
 <     "jsonrpc": "2.0",
 <     "result": "0x1"
 <   }
[2020/11/14 22:44:51.459] - eth_getBlockByNumber
[2020/11/14 22:44:51.459] -    > {
   >   "jsonrpc": "2.0",
   >   "id": 73,
   >   "method": "eth_getBlockByNumber",
   >   "params": [
   >     "0xdd",
   >     false
   >   ],
   >   "internal": true
   > }
[2020/11/14 22:44:51.470] -  <   {
 <     "id": 73,
 <     "jsonrpc": "2.0",
 <     "result": {
 <       "number": "0xdd",
 <       "hash": "0xecec59ef87a732b2aa23d24c78b18a97a213b2fe7d0ae03c49751cbc7e0e29e0",
 <       "parentHash": "0x2855eade0703376adfccae62151e798d882cb3a2cfcf3a816c50ead5df6b2f71",
 <       "mixHash": "0x0000000000000000000000000000000000000000000000000000000000000000",
 <       "nonce": "0x0000000000000000",
 <       "sha3Uncles": "0x1dcc4de8dec75d7aab85b567b6ccd41ad312451b948a7413f0a142fd40d49347",
 <       "logsBloom": "0x00000000000000000000000000000000000000000000000000000000000000000000000000000000000000000000000000000000000000000000000000000000000000000000000000000000000000000000000000000000000000000000000000000000000000000000000000000000000000000000000000000000000000000000000000000000000000000000000000000000000000000000000000000000000000000000000000000000000000000000000000000000000000000000000000000000000000000000000000000000000000000000000000000000000000000000000000000000000000000000000000000000000000000000000000000000",
 <       "transactionsRoot": "0x1177463f04650c20b7e297fbfbb4e8b4b2007b81c518a11299765f9ac209f193",
 <       "stateRoot": "0x57ae1627ee8ba1269602065bde13c0ee6e38de6686c97b0c615dee80017f33ec",
 <       "receiptsRoot": "0xfd0dd7d7f176bf035bfb1b9994fedbbfa5144d5ae535c97bf67904178ab50ebb",
 <       "miner": "0x0000000000000000000000000000000000000000",
 <       "difficulty": "0x0",
 <       "totalDifficulty": "0x0",
 <       "extraData": "0x",
 <       "size": "0x3e8",
 <       "gasLimit": "0x6691b7",
 <       "gasUsed": "0x53d8",
 <       "timestamp": "0x5fa8071b",
 <       "transactions": [
 <         "0x9667fc4cb63242d65e03495eeaf59f499c8e867cfe91d81b492829287e79d8c4"
 <       ],
 <       "uncles": []
 <     }
 <   }
[2020/11/14 22:44:51.475] - eth_getBlockTransactionCountByNumber
[2020/11/14 22:44:51.476] -    > {
   >   "jsonrpc": "2.0",
   >   "id": 74,
   >   "method": "eth_getBlockTransactionCountByNumber",
   >   "params": [
   >     "0xdd"
   >   ],
   >   "internal": true
   > }
[2020/11/14 22:44:51.485] -  <   {
 <     "id": 74,
 <     "jsonrpc": "2.0",
 <     "result": "0x1"
 <   }
[2020/11/14 22:44:51.489] - eth_getBlockByNumber
[2020/11/14 22:44:51.490] -    > {
   >   "jsonrpc": "2.0",
   >   "id": 75,
   >   "method": "eth_getBlockByNumber",
   >   "params": [
   >     "0xde",
   >     false
   >   ],
   >   "internal": true
   > }
[2020/11/14 22:44:51.504] -  <   {
 <     "id": 75,
 <     "jsonrpc": "2.0",
 <     "result": {
 <       "number": "0xde",
 <       "hash": "0x1a73ba34f491c3eafa446babfb9e9641ede9d7b8e7e9e65e8eafcf61e893f80d",
 <       "parentHash": "0xecec59ef87a732b2aa23d24c78b18a97a213b2fe7d0ae03c49751cbc7e0e29e0",
 <       "mixHash": "0x0000000000000000000000000000000000000000000000000000000000000000",
 <       "nonce": "0x0000000000000000",
 <       "sha3Uncles": "0x1dcc4de8dec75d7aab85b567b6ccd41ad312451b948a7413f0a142fd40d49347",
 <       "logsBloom": "0x00000008000000000000000000000000000000000000000000000000000000000000000000000000000000000000000000000000000000000000000000000000000000000200000000000000000000000000000000000000000000000000000000000000000080000000000000000000000000000000080000000000000000000000000000000000000000004000020000000000000000000000000000000000000000000000000000000000000000000000000000000000000000000000000000000000000000000000000000000000000000000000000000000000000000000000000000000000000000000000000000000000000000000000000000000000",
 <       "transactionsRoot": "0x6e757a50efdc993bed80cc33df9bf4327178cc0f4811c9909a3a4779da56db73",
 <       "stateRoot": "0xb5714e3223df9cb2ccf9f6962fb06721052832aa5cf1ef364d1f22f1578f096f",
 <       "receiptsRoot": "0x1924274fb4fbb55cc3151c888623e93fd841a58e576ad7327ca00fb43c635b15",
 <       "miner": "0x0000000000000000000000000000000000000000",
 <       "difficulty": "0x0",
 <       "totalDifficulty": "0x0",
 <       "extraData": "0x",
 <       "size": "0x3e8",
 <       "gasLimit": "0x6691b7",
 <       "gasUsed": "0x22e8a",
 <       "timestamp": "0x5fa81664",
 <       "transactions": [
 <         "0x1b500e709cb1483e0b5200836387ffb9db0099b4ba5bd6fba7c1016a92ba0acb"
 <       ],
 <       "uncles": []
 <     }
 <   }
[2020/11/14 22:44:51.508] - eth_getBlockTransactionCountByNumber
[2020/11/14 22:44:51.508] -    > {
   >   "jsonrpc": "2.0",
   >   "id": 76,
   >   "method": "eth_getBlockTransactionCountByNumber",
   >   "params": [
   >     "0xde"
   >   ],
   >   "internal": true
   > }
[2020/11/14 22:44:51.517] -  <   {
 <     "id": 76,
 <     "jsonrpc": "2.0",
 <     "result": "0x1"
 <   }
[2020/11/14 22:44:51.521] - eth_getBlockByNumber
[2020/11/14 22:44:51.521] -    > {
   >   "jsonrpc": "2.0",
   >   "id": 77,
   >   "method": "eth_getBlockByNumber",
   >   "params": [
   >     "0xdf",
   >     false
   >   ],
   >   "internal": true
   > }
[2020/11/14 22:44:51.532] -  <   {
 <     "id": 77,
 <     "jsonrpc": "2.0",
 <     "result": {
 <       "number": "0xdf",
 <       "hash": "0xb731ccbd254c0f1a841932df3f5341f2bb160499c3eea7c59493d288ec2f74d3",
 <       "parentHash": "0x1a73ba34f491c3eafa446babfb9e9641ede9d7b8e7e9e65e8eafcf61e893f80d",
 <       "mixHash": "0x0000000000000000000000000000000000000000000000000000000000000000",
 <       "nonce": "0x0000000000000000",
 <       "sha3Uncles": "0x1dcc4de8dec75d7aab85b567b6ccd41ad312451b948a7413f0a142fd40d49347",
 <       "logsBloom": "0x00000008000000000000000000000000000000000000000000000000000000000000000000000000000000000000000000000000000000000000000000000000000000000200000000000000000000000000000000000000000000000000000000000000000080000000000000000000000000000000080000000000000000000000000000000000000000004000020000000000000000000000000000000000000000000000000000000000000000000000000000000000000000000000000000000000000000000000000000000000000000000000000000000000000000000000000000000000000000000000000000000000000000000000000000000000",
 <       "transactionsRoot": "0x87b8a434e3013a80eb7c3cb546cebaf7f2798f92ebc2331f9ff0d8f3e9c786a2",
 <       "stateRoot": "0x4517a7a51bba48d5dac84074ad8b098bcf0afc9f330b1ec4251e24d04942c8f3",
 <       "receiptsRoot": "0x663873ea1753071862aae71982c70400ca00d4512a3e50cb713c9fe1eacc243b",
 <       "miner": "0x0000000000000000000000000000000000000000",
 <       "difficulty": "0x0",
 <       "totalDifficulty": "0x0",
 <       "extraData": "0x",
 <       "size": "0x3e8",
 <       "gasLimit": "0x6691b7",
 <       "gasUsed": "0x22e8a",
 <       "timestamp": "0x5fa816a9",
 <       "transactions": [
 <         "0x90297487d5705075ec9727925bbd15acf5e5b1cbbdce56f460a4c8cb6d7d504f"
 <       ],
 <       "uncles": []
 <     }
 <   }
[2020/11/14 22:44:51.536] - eth_getBlockTransactionCountByNumber
[2020/11/14 22:44:51.537] -    > {
   >   "jsonrpc": "2.0",
   >   "id": 78,
   >   "method": "eth_getBlockTransactionCountByNumber",
   >   "params": [
   >     "0xdf"
   >   ],
   >   "internal": true
   > }
[2020/11/14 22:44:51.548] -  <   {
 <     "id": 78,
 <     "jsonrpc": "2.0",
 <     "result": "0x1"
 <   }
[2020/11/14 22:44:53.113] - eth_getBlockByNumber
[2020/11/14 22:44:53.113] -    > {
   >   "jsonrpc": "2.0",
   >   "id": 79,
   >   "method": "eth_getBlockByNumber",
   >   "params": [
   >     "0xdf",
   >     true
   >   ],
   >   "internal": true
   > }
[2020/11/14 22:44:53.137] -  <   {
 <     "id": 79,
 <     "jsonrpc": "2.0",
 <     "result": {
 <       "number": "0xdf",
 <       "hash": "0xb731ccbd254c0f1a841932df3f5341f2bb160499c3eea7c59493d288ec2f74d3",
 <       "parentHash": "0x1a73ba34f491c3eafa446babfb9e9641ede9d7b8e7e9e65e8eafcf61e893f80d",
 <       "mixHash": "0x0000000000000000000000000000000000000000000000000000000000000000",
 <       "nonce": "0x0000000000000000",
 <       "sha3Uncles": "0x1dcc4de8dec75d7aab85b567b6ccd41ad312451b948a7413f0a142fd40d49347",
 <       "logsBloom": "0x00000008000000000000000000000000000000000000000000000000000000000000000000000000000000000000000000000000000000000000000000000000000000000200000000000000000000000000000000000000000000000000000000000000000080000000000000000000000000000000080000000000000000000000000000000000000000004000020000000000000000000000000000000000000000000000000000000000000000000000000000000000000000000000000000000000000000000000000000000000000000000000000000000000000000000000000000000000000000000000000000000000000000000000000000000000",
 <       "transactionsRoot": "0x87b8a434e3013a80eb7c3cb546cebaf7f2798f92ebc2331f9ff0d8f3e9c786a2",
 <       "stateRoot": "0x4517a7a51bba48d5dac84074ad8b098bcf0afc9f330b1ec4251e24d04942c8f3",
 <       "receiptsRoot": "0x663873ea1753071862aae71982c70400ca00d4512a3e50cb713c9fe1eacc243b",
 <       "miner": "0x0000000000000000000000000000000000000000",
 <       "difficulty": "0x0",
 <       "totalDifficulty": "0x0",
 <       "extraData": "0x",
 <       "size": "0x3e8",
 <       "gasLimit": "0x6691b7",
 <       "gasUsed": "0x22e8a",
 <       "timestamp": "0x5fa816a9",
 <       "transactions": [
 <         {
 <           "hash": "0x90297487d5705075ec9727925bbd15acf5e5b1cbbdce56f460a4c8cb6d7d504f",
 <           "nonce": "0xde",
 <           "blockHash": "0xb731ccbd254c0f1a841932df3f5341f2bb160499c3eea7c59493d288ec2f74d3",
 <           "blockNumber": "0xdf",
 <           "transactionIndex": "0x0",
 <           "from": "0xc4e34b87c712d68126ab5c5218ae8dd3a9e5a540",
 <           "to": "0x99468e2625bbe5eb6421d1a9528d88255a0a1880",
 <           "value": "0x0",
 <           "gas": "0x22e8a",
 <           "gasPrice": "0x4a817c800",
 <           "input": "0x111002aa0000000000000000000000000000000000000000000000000000000000000020000000000000000000000000000000000000000000000000000000000000005868747470733a2f2f697066732e696f2f697066732f516d5770385155736e44456f545031436551484238414c58516f68665743453477517841774a39614263596271713f66696c656e616d653d696c6c6567616c2e6a70670000000000000000",
 <           "v": "0xa95",
 <           "r": "0x76c9ad62865ac66edf7bd626b8aded7cc205e5322ff2f80ea5b2cb8295894a2f",
 <           "s": "0x3a985ac7f79e514faa88554d014a3430d1a88a03b2e3aeb2e36b1379a5791b74"
 <         }
 <       ],
 <       "uncles": []
 <     }
 <   }
[2020/11/14 22:44:53.145] - eth_getTransactionReceipt
[2020/11/14 22:44:53.145] -    > {
   >   "jsonrpc": "2.0",
   >   "id": 80,
   >   "method": "eth_getTransactionReceipt",
   >   "params": [
   >     "0x90297487d5705075ec9727925bbd15acf5e5b1cbbdce56f460a4c8cb6d7d504f"
   >   ],
   >   "internal": true
   > }
[2020/11/14 22:44:53.165] -  <   {
 <     "id": 80,
 <     "jsonrpc": "2.0",
 <     "result": {
 <       "transactionHash": "0x90297487d5705075ec9727925bbd15acf5e5b1cbbdce56f460a4c8cb6d7d504f",
 <       "transactionIndex": "0x0",
 <       "blockHash": "0xb731ccbd254c0f1a841932df3f5341f2bb160499c3eea7c59493d288ec2f74d3",
 <       "blockNumber": "0xdf",
 <       "from": "0xc4e34b87c712d68126ab5c5218ae8dd3a9e5a540",
 <       "to": "0x99468e2625bbe5eb6421d1a9528d88255a0a1880",
 <       "gasUsed": "0x22e8a",
 <       "cumulativeGasUsed": "0x22e8a",
 <       "contractAddress": null,
 <       "logs": [
 <         {
 <           "logIndex": "0x0",
 <           "transactionIndex": "0x0",
 <           "transactionHash": "0x90297487d5705075ec9727925bbd15acf5e5b1cbbdce56f460a4c8cb6d7d504f",
 <           "blockHash": "0xb731ccbd254c0f1a841932df3f5341f2bb160499c3eea7c59493d288ec2f74d3",
 <           "blockNumber": "0xdf",
 <           "address": "0x99468e2625bbe5eb6421d1a9528d88255a0a1880",
 <           "data": "0x000000000000000000000000000000000000000000000000000000000000000300000000000000000000000000000000000000000000000000000000000000600000000000000000000000000000000000000000000000000000000000000000000000000000000000000000000000000000000000000000000000000000005868747470733a2f2f697066732e696f2f697066732f516d5770385155736e44456f545031436551484238414c58516f68665743453477517841774a39614263596271713f66696c656e616d653d696c6c6567616c2e6a70670000000000000000",
 <           "topics": [
 <             "0x05d0fb833127fc08168556d0e7ca9554fc3f6bc843b3b7d2bf1c35aea6bab660"
 <           ],
 <           "type": "mined"
 <         }
 <       ],
 <       "status": "0x1",
 <       "logsBloom": "0x00000008000000000000000000000000000000000000000000000000000000000000000000000000000000000000000000000000000000000000000000000000000000000200000000000000000000000000000000000000000000000000000000000000000080000000000000000000000000000000080000000000000000000000000000000000000000004000020000000000000000000000000000000000000000000000000000000000000000000000000000000000000000000000000000000000000000000000000000000000000000000000000000000000000000000000000000000000000000000000000000000000000000000000000000000000",
 <       "v": "0xa95",
 <       "r": "0x76c9ad62865ac66edf7bd626b8aded7cc205e5322ff2f80ea5b2cb8295894a2f",
 <       "s": "0x3a985ac7f79e514faa88554d014a3430d1a88a03b2e3aeb2e36b1379a5791b74"
 <     }
 <   }
[2020/11/14 22:44:57.748] - eth_unsubscribe
[2020/11/14 22:44:57.748] -    > {
   >   "jsonrpc": "2.0",
   >   "id": 4,
   >   "method": "eth_unsubscribe",
   >   "params": [
   >     "0x1"
   >   ]
   > }
[2020/11/14 22:44:57.749] - eth_unsubscribe
[2020/11/14 22:44:57.749] -    > {
   >   "jsonrpc": "2.0",
   >   "id": 5,
   >   "method": "eth_unsubscribe",
   >   "params": [
   >     "0x2"
   >   ]
   > }
[2020/11/14 22:44:57.752] -  <   {
 <     "id": 4,
 <     "jsonrpc": "2.0",
 <     "result": true
 <   }
[2020/11/14 22:44:57.755] -  <   {
 <     "id": 5,
 <     "jsonrpc": "2.0",
 <     "result": true
 <   }
